━━━ [2026-06-18 21:00] WorldCupBet26 Daily Run START ━━━
📅 Today's featured match: Mexico vs South Korea on 2026-06-18
✅ StickyOddsBar updated → 🇲🇽 Mexico vs South Korea 🇰🇷 (Jun 18)
[2026-06-18T19:00:00.853Z] ━━━ WorldCupBet26 Monitor START ━━━
[2026-06-18T19:00:02.091Z] ✅ Site UP — https://www.worldcupbet26.com → 200
[2026-06-18T19:00:02.201Z] ✅ 1xBet link OK → 303
[2026-06-18T19:00:02.457Z] ✅ Betsson link OK → 301
[2026-06-18T19:00:02.458Z] ⚠️  1xPartners API key not set — skipping stats pull
[2026-06-18T19:00:02.458Z] ✅ All checks passed — no alerts
[2026-06-18T19:00:02.459Z] ━━━ SUMMARY ━━━
[2026-06-18T19:00:02.459Z] ✅ Site: UP (200)
[2026-06-18T19:00:02.459Z] ✅ 1xBet: redirect OK (303)
[2026-06-18T19:00:02.459Z] ✅ Betsson: redirect OK (301)
[2026-06-18T19:00:02.460Z] ━━━ Monitor END ━━━

━━━ [2026-06-18 21:00] Daily Run END ━━━
━━━ [2026-06-19 18:00] WorldCupBet26 Daily Run START ━━━
📅 Today's featured match: Mexico vs South Korea on 2026-06-18
✅ StickyOddsBar updated → 🇲🇽 Mexico vs South Korea 🇰🇷 (Jun 18)
[2026-06-19T16:00:01.366Z] ━━━ WorldCupBet26 Monitor START ━━━
[2026-06-19T16:00:03.430Z] ✅ Site UP — https://www.worldcupbet26.com → 200
[2026-06-19T16:00:03.562Z] ✅ 1xBet link OK → 303
[2026-06-19T16:00:03.932Z] ✅ Betsson link OK → 301
[2026-06-19T16:00:03.932Z] ⚠️  1xPartners API key not set — skipping stats pull
[2026-06-19T16:00:03.933Z] ✅ All checks passed — no alerts
[2026-06-19T16:00:03.933Z] ━━━ SUMMARY ━━━
[2026-06-19T16:00:03.933Z] ✅ Site: UP (200)
[2026-06-19T16:00:03.933Z] ✅ 1xBet: redirect OK (303)
[2026-06-19T16:00:03.934Z] ✅ Betsson: redirect OK (301)
[2026-06-19T16:00:03.934Z] ━━━ Monitor END ━━━

━━━ [2026-06-19 18:00] Daily Run END ━━━
━━━ [2026-06-19 21:00] WorldCupBet26 Daily Run START ━━━
📅 Today's featured match: Mexico vs South Korea on 2026-06-18
✅ StickyOddsBar updated → 🇲🇽 Mexico vs South Korea 🇰🇷 (Jun 18)
[2026-06-19T19:00:01.024Z] ━━━ WorldCupBet26 Monitor START ━━━
[2026-06-19T19:00:01.555Z] ✅ Site UP — https://www.worldcupbet26.com → 200
[2026-06-19T19:00:01.772Z] ✅ 1xBet link OK → 303
[2026-06-19T19:00:02.140Z] ✅ Betsson link OK → 301
[2026-06-19T19:00:02.140Z] ⚠️  1xPartners API key not set — skipping stats pull
[2026-06-19T19:00:02.140Z] ✅ All checks passed — no alerts
[2026-06-19T19:00:02.142Z] ━━━ SUMMARY ━━━
[2026-06-19T19:00:02.142Z] ✅ Site: UP (200)
[2026-06-19T19:00:02.142Z] ✅ 1xBet: redirect OK (303)
[2026-06-19T19:00:02.143Z] ✅ Betsson: redirect OK (301)
[2026-06-19T19:00:02.143Z] ━━━ Monitor END ━━━

━━━ [2026-06-19 21:00] Daily Run END ━━━
━━━ [2026-06-20 13:00] WorldCupBet26 Daily Run START ━━━
📅 Today's featured match: Mexico vs South Korea on 2026-06-18
✅ StickyOddsBar updated → 🇲🇽 Mexico vs South Korea 🇰🇷 (Jun 18)
[2026-06-20T11:00:01.525Z] ━━━ WorldCupBet26 Monitor START ━━━
[2026-06-20T11:00:02.970Z] ✅ Site UP — https://www.worldcupbet26.com → 200
[2026-06-20T11:00:03.233Z] ✅ 1xBet link OK → 303
[2026-06-20T11:00:03.517Z] ✅ Betsson link OK → 301
[2026-06-20T11:00:03.518Z] ⚠️  1xPartners API key not set — skipping stats pull
[2026-06-20T11:00:03.519Z] ✅ All checks passed — no alerts
[2026-06-20T11:00:03.520Z] ━━━ SUMMARY ━━━
[2026-06-20T11:00:03.521Z] ✅ Site: UP (200)
[2026-06-20T11:00:03.521Z] ✅ 1xBet: redirect OK (303)
[2026-06-20T11:00:03.522Z] ✅ Betsson: redirect OK (301)
[2026-06-20T11:00:03.522Z] ━━━ Monitor END ━━━

━━━ [2026-06-20 13:00] Daily Run END ━━━
━━━ [2026-06-20 18:00] WorldCupBet26 Daily Run START ━━━
📅 Today's featured match: Mexico vs South Korea on 2026-06-18
✅ StickyOddsBar updated → 🇲🇽 Mexico vs South Korea 🇰🇷 (Jun 18)
[2026-06-20T16:00:01.933Z] ━━━ WorldCupBet26 Monitor START ━━━
[2026-06-20T16:00:03.968Z] ✅ Site UP — https://www.worldcupbet26.com → 200
[2026-06-20T16:00:04.266Z] ✅ 1xBet link OK → 303
[2026-06-20T16:00:04.616Z] ✅ Betsson link OK → 301
[2026-06-20T16:00:04.616Z] ⚠️  1xPartners API key not set — skipping stats pull
[2026-06-20T16:00:04.616Z] ✅ All checks passed — no alerts
[2026-06-20T16:00:04.617Z] ━━━ SUMMARY ━━━
[2026-06-20T16:00:04.617Z] ✅ Site: UP (200)
[2026-06-20T16:00:04.618Z] ✅ 1xBet: redirect OK (303)
[2026-06-20T16:00:04.618Z] ✅ Betsson: redirect OK (301)
[2026-06-20T16:00:04.618Z] ━━━ Monitor END ━━━

━━━ [2026-06-20 18:00] Daily Run END ━━━
━━━ [2026-06-20 21:00] WorldCupBet26 Daily Run START ━━━
📅 Today's featured match: Mexico vs South Korea on 2026-06-18
✅ StickyOddsBar updated → 🇲🇽 Mexico vs South Korea 🇰🇷 (Jun 18)
[2026-06-20T19:00:00.939Z] ━━━ WorldCupBet26 Monitor START ━━━
[2026-06-20T19:00:03.184Z] ✅ Site UP — https://www.worldcupbet26.com → 200
[2026-06-20T19:00:03.387Z] ✅ 1xBet link OK → 303
[2026-06-20T19:00:03.643Z] ✅ Betsson link OK → 301
[2026-06-20T19:00:03.643Z] ⚠️  1xPartners API key not set — skipping stats pull
[2026-06-20T19:00:03.644Z] ✅ All checks passed — no alerts
[2026-06-20T19:00:03.645Z] ━━━ SUMMARY ━━━
[2026-06-20T19:00:03.645Z] ✅ Site: UP (200)
[2026-06-20T19:00:03.646Z] ✅ 1xBet: redirect OK (303)
[2026-06-20T19:00:03.646Z] ✅ Betsson: redirect OK (301)
[2026-06-20T19:00:03.646Z] ━━━ Monitor END ━━━

━━━ [2026-06-20 21:00] Daily Run END ━━━
━━━ [2026-06-21 18:00] WorldCupBet26 Daily Run START ━━━
📅 Today's featured match: Mexico vs South Korea on 2026-06-18
✅ StickyOddsBar updated → 🇲🇽 Mexico vs South Korea 🇰🇷 (Jun 18)
[2026-06-21T16:00:00.605Z] ━━━ WorldCupBet26 Monitor START ━━━
[2026-06-21T16:00:02.730Z] ✅ Site UP — https://www.worldcupbet26.com → 200
[2026-06-21T16:00:02.902Z] ✅ 1xBet link OK → 303
[2026-06-21T16:00:03.133Z] ✅ Betsson link OK → 301
[2026-06-21T16:00:03.134Z] ⚠️  1xPartners API key not set — skipping stats pull
[2026-06-21T16:00:03.134Z] ✅ All checks passed — no alerts
[2026-06-21T16:00:03.135Z] ━━━ SUMMARY ━━━
[2026-06-21T16:00:03.135Z] ✅ Site: UP (200)
[2026-06-21T16:00:03.135Z] ✅ 1xBet: redirect OK (303)
[2026-06-21T16:00:03.136Z] ✅ Betsson: redirect OK (301)
[2026-06-21T16:00:03.136Z] ━━━ Monitor END ━━━

━━━ [2026-06-21 18:00] Daily Run END ━━━
━━━ [2026-06-22 18:03] WorldCupBet26 Daily Run START ━━━
📅 Today's featured match: Mexico vs South Korea on 2026-06-18
✅ StickyOddsBar updated → 🇲🇽 Mexico vs South Korea 🇰🇷 (Jun 18)
[2026-06-22T16:03:40.396Z] ━━━ WorldCupBet26 Monitor START ━━━
[2026-06-22T16:03:42.640Z] ✅ Site UP — https://www.worldcupbet26.com → 200
[2026-06-22T16:03:42.839Z] ✅ 1xBet link OK → 303
[2026-06-22T16:03:43.197Z] ✅ Betsson link OK → 301
[2026-06-22T16:03:43.198Z] ⚠️  1xPartners API key not set — skipping stats pull
[2026-06-22T16:03:43.199Z] ✅ All checks passed — no alerts
[2026-06-22T16:03:43.202Z] ━━━ SUMMARY ━━━
[2026-06-22T16:03:43.203Z] ✅ Site: UP (200)
[2026-06-22T16:03:43.203Z] ✅ 1xBet: redirect OK (303)
[2026-06-22T16:03:43.204Z] ✅ Betsson: redirect OK (301)
[2026-06-22T16:03:43.205Z] ━━━ Monitor END ━━━

━━━ [2026-06-22 18:03] Daily Run END ━━━
━━━ [2026-06-22 21:00] WorldCupBet26 Daily Run START ━━━
📅 Today's featured match: Mexico vs South Korea on 2026-06-18
✅ StickyOddsBar updated → 🇲🇽 Mexico vs South Korea 🇰🇷 (Jun 18)
[2026-06-22T19:00:03.245Z] ━━━ WorldCupBet26 Monitor START ━━━
[2026-06-22T19:00:03.983Z] ✅ Site UP — https://www.worldcupbet26.com → 200
[2026-06-22T19:00:04.325Z] ✅ 1xBet link OK → 303
[2026-06-22T19:00:04.725Z] ✅ Betsson link OK → 301
[2026-06-22T19:00:04.725Z] ⚠️  1xPartners API key not set — skipping stats pull
[2026-06-22T19:00:04.725Z] ✅ All checks passed — no alerts
[2026-06-22T19:00:04.726Z] ━━━ SUMMARY ━━━
[2026-06-22T19:00:04.726Z] ✅ Site: UP (200)
[2026-06-22T19:00:04.727Z] ✅ 1xBet: redirect OK (303)
[2026-06-22T19:00:04.727Z] ✅ Betsson: redirect OK (301)
[2026-06-22T19:00:04.727Z] ━━━ Monitor END ━━━

━━━ [2026-06-22 21:00] Daily Run END ━━━
━━━ [2026-06-24 21:00] WorldCupBet26 Daily Run START ━━━
📅 Today's featured match: Mexico vs South Korea on 2026-06-18
✅ StickyOddsBar updated → 🇲🇽 Mexico vs South Korea 🇰🇷 (Jun 18)
[2026-06-24T19:00:28.664Z] ━━━ WorldCupBet26 Monitor START ━━━
[2026-06-24T19:00:31.114Z] ✅ Site UP — https://www.worldcupbet26.com → 200
[2026-06-24T19:00:31.490Z] ✅ 1xBet link OK → 303
[2026-06-24T19:00:31.895Z] ✅ Betsson link OK → 301
[2026-06-24T19:00:31.914Z] ⚠️  1xPartners API key not set — skipping stats pull
[2026-06-24T19:00:31.915Z] ✅ All checks passed — no alerts
[2026-06-24T19:00:31.916Z] ━━━ SUMMARY ━━━
[2026-06-24T19:00:31.916Z] ✅ Site: UP (200)
[2026-06-24T19:00:31.917Z] ✅ 1xBet: redirect OK (303)
[2026-06-24T19:00:31.917Z] ✅ Betsson: redirect OK (301)
[2026-06-24T19:00:31.917Z] ━━━ Monitor END ━━━

━━━ [2026-06-24 21:00] Daily Run END ━━━
━━━ [2026-06-25 13:00] WorldCupBet26 Daily Run START ━━━
📅 Today's featured match: Mexico vs South Korea on 2026-06-18
✅ StickyOddsBar updated → 🇲🇽 Mexico vs South Korea 🇰🇷 (Jun 18)
[2026-06-25T11:00:01.799Z] ━━━ WorldCupBet26 Monitor START ━━━
[2026-06-25T11:00:03.169Z] ✅ Site UP — https://www.worldcupbet26.com → 200
[2026-06-25T11:00:03.367Z] ✅ 1xBet link OK → 303
[2026-06-25T11:00:03.617Z] ✅ Betsson link OK → 301
[2026-06-25T11:00:03.617Z] ⚠️  1xPartners API key not set — skipping stats pull
[2026-06-25T11:00:03.617Z] ✅ All checks passed — no alerts
[2026-06-25T11:00:03.619Z] ━━━ SUMMARY ━━━
[2026-06-25T11:00:03.619Z] ✅ Site: UP (200)
[2026-06-25T11:00:03.619Z] ✅ 1xBet: redirect OK (303)
[2026-06-25T11:00:03.620Z] ✅ Betsson: redirect OK (301)
[2026-06-25T11:00:03.620Z] ━━━ Monitor END ━━━

━━━ [2026-06-25 13:00] Daily Run END ━━━
━━━ [2026-06-26 18:00] WorldCupBet26 Daily Run START ━━━
📅 Today's featured match: Mexico vs South Korea on 2026-06-18
✅ StickyOddsBar updated → 🇲🇽 Mexico vs South Korea 🇰🇷 (Jun 18)
[2026-06-26T16:00:01.493Z] ━━━ WorldCupBet26 Monitor START ━━━
[2026-06-26T16:00:01.936Z] ✅ Site UP — https://www.worldcupbet26.com → 200
[2026-06-26T16:00:02.119Z] ✅ 1xBet link OK → 303
[2026-06-26T16:00:02.403Z] ✅ Betsson link OK → 301
[2026-06-26T16:00:02.404Z] ⚠️  1xPartners API key not set — skipping stats pull
[2026-06-26T16:00:02.404Z] ✅ All checks passed — no alerts
[2026-06-26T16:00:02.405Z] ━━━ SUMMARY ━━━
[2026-06-26T16:00:02.405Z] ✅ Site: UP (200)
[2026-06-26T16:00:02.405Z] ✅ 1xBet: redirect OK (303)
[2026-06-26T16:00:02.406Z] ✅ Betsson: redirect OK (301)
[2026-06-26T16:00:02.406Z] ━━━ Monitor END ━━━

━━━ [2026-06-26 18:00] Daily Run END ━━━
━━━ [2026-06-27 13:00] WorldCupBet26 Daily Run START ━━━
📅 Today's featured match: Mexico vs South Korea on 2026-06-18
✅ StickyOddsBar updated → 🇲🇽 Mexico vs South Korea 🇰🇷 (Jun 18)
[2026-06-27T11:00:01.009Z] ━━━ WorldCupBet26 Monitor START ━━━
[2026-06-27T11:00:02.153Z] ✅ Site UP — https://www.worldcupbet26.com → 200
[2026-06-27T11:00:02.313Z] ✅ 1xBet link OK → 303
[2026-06-27T11:00:02.651Z] ✅ Betsson link OK → 301
[2026-06-27T11:00:02.652Z] ⚠️  1xPartners API key not set — skipping stats pull
[2026-06-27T11:00:02.652Z] ✅ All checks passed — no alerts
[2026-06-27T11:00:02.653Z] ━━━ SUMMARY ━━━
[2026-06-27T11:00:02.654Z] ✅ Site: UP (200)
[2026-06-27T11:00:02.654Z] ✅ 1xBet: redirect OK (303)
[2026-06-27T11:00:02.655Z] ✅ Betsson: redirect OK (301)
[2026-06-27T11:00:02.655Z] ━━━ Monitor END ━━━

━━━ [2026-06-27 13:00] Daily Run END ━━━
━━━ [2026-06-27 18:00] WorldCupBet26 Daily Run START ━━━
📅 Today's featured match: Mexico vs South Korea on 2026-06-18
✅ StickyOddsBar updated → 🇲🇽 Mexico vs South Korea 🇰🇷 (Jun 18)
[2026-06-27T16:00:01.326Z] ━━━ WorldCupBet26 Monitor START ━━━
[2026-06-27T16:00:02.614Z] ✅ Site UP — https://www.worldcupbet26.com → 200
[2026-06-27T16:00:02.806Z] ✅ 1xBet link OK → 303
[2026-06-27T16:00:03.146Z] ✅ Betsson link OK → 301
[2026-06-27T16:00:03.146Z] ⚠️  1xPartners API key not set — skipping stats pull
[2026-06-27T16:00:03.147Z] ✅ All checks passed — no alerts
[2026-06-27T16:00:03.148Z] ━━━ SUMMARY ━━━
[2026-06-27T16:00:03.149Z] ✅ Site: UP (200)
[2026-06-27T16:00:03.149Z] ✅ 1xBet: redirect OK (303)
[2026-06-27T16:00:03.149Z] ✅ Betsson: redirect OK (301)
[2026-06-27T16:00:03.150Z] ━━━ Monitor END ━━━

━━━ [2026-06-27 18:00] Daily Run END ━━━
━━━ [2026-06-27 21:00] WorldCupBet26 Daily Run START ━━━
📅 Today's featured match: Mexico vs South Korea on 2026-06-18
✅ StickyOddsBar updated → 🇲🇽 Mexico vs South Korea 🇰🇷 (Jun 18)
[2026-06-27T19:00:00.882Z] ━━━ WorldCupBet26 Monitor START ━━━
[2026-06-27T19:00:02.049Z] ✅ Site UP — https://www.worldcupbet26.com → 200
[2026-06-27T19:00:02.224Z] ✅ 1xBet link OK → 303
[2026-06-27T19:00:02.487Z] ✅ Betsson link OK → 301
[2026-06-27T19:00:02.488Z] ⚠️  1xPartners API key not set — skipping stats pull
[2026-06-27T19:00:02.488Z] ✅ All checks passed — no alerts
[2026-06-27T19:00:02.490Z] ━━━ SUMMARY ━━━
[2026-06-27T19:00:02.490Z] ✅ Site: UP (200)
[2026-06-27T19:00:02.490Z] ✅ 1xBet: redirect OK (303)
[2026-06-27T19:00:02.491Z] ✅ Betsson: redirect OK (301)
[2026-06-27T19:00:02.491Z] ━━━ Monitor END ━━━

━━━ [2026-06-27 21:00] Daily Run END ━━━
━━━ [2026-06-28 13:00] WorldCupBet26 Daily Run START ━━━
📅 Today's featured match: Mexico vs South Korea on 2026-06-18
✅ StickyOddsBar updated → 🇲🇽 Mexico vs South Korea 🇰🇷 (Jun 18)
[2026-06-28T11:00:13.963Z] ━━━ WorldCupBet26 Monitor START ━━━
[2026-06-28T11:00:15.051Z] ✅ Site UP — https://www.worldcupbet26.com → 200
[2026-06-28T11:00:15.262Z] ✅ 1xBet link OK → 303
[2026-06-28T11:00:15.511Z] ✅ Betsson link OK → 301
[2026-06-28T11:00:15.512Z] ⚠️  1xPartners API key not set — skipping stats pull
[2026-06-28T11:00:15.512Z] ✅ All checks passed — no alerts
[2026-06-28T11:00:15.514Z] ━━━ SUMMARY ━━━
[2026-06-28T11:00:15.514Z] ✅ Site: UP (200)
[2026-06-28T11:00:15.515Z] ✅ 1xBet: redirect OK (303)
[2026-06-28T11:00:15.515Z] ✅ Betsson: redirect OK (301)
[2026-06-28T11:00:15.515Z] ━━━ Monitor END ━━━

━━━ [2026-06-28 13:00] Daily Run END ━━━
━━━ [2026-06-28 18:00] WorldCupBet26 Daily Run START ━━━
📅 Today's featured match: Mexico vs South Korea on 2026-06-18
✅ StickyOddsBar updated → 🇲🇽 Mexico vs South Korea 🇰🇷 (Jun 18)
[2026-06-28T16:00:01.293Z] ━━━ WorldCupBet26 Monitor START ━━━
[2026-06-28T16:00:03.190Z] ✅ Site UP — https://www.worldcupbet26.com → 200
[2026-06-28T16:00:03.357Z] ✅ 1xBet link OK → 303
[2026-06-28T16:00:03.608Z] ✅ Betsson link OK → 301
[2026-06-28T16:00:03.609Z] ⚠️  1xPartners API key not set — skipping stats pull
[2026-06-28T16:00:03.609Z] ✅ All checks passed — no alerts
[2026-06-28T16:00:03.610Z] ━━━ SUMMARY ━━━
[2026-06-28T16:00:03.610Z] ✅ Site: UP (200)
[2026-06-28T16:00:03.610Z] ✅ 1xBet: redirect OK (303)
[2026-06-28T16:00:03.611Z] ✅ Betsson: redirect OK (301)
[2026-06-28T16:00:03.611Z] ━━━ Monitor END ━━━

━━━ [2026-06-28 18:00] Daily Run END ━━━
━━━ [2026-06-29 13:06] WorldCupBet26 Daily Run START ━━━
📅 Today's featured match: Mexico vs South Korea on 2026-06-18
✅ StickyOddsBar updated → 🇲🇽 Mexico vs South Korea 🇰🇷 (Jun 18)
[2026-06-29T11:06:04.100Z] ━━━ WorldCupBet26 Monitor START ━━━
[2026-06-29T11:06:05.000Z] ✅ Site UP — https://www.worldcupbet26.com → 200
[2026-06-29T11:06:05.199Z] ✅ 1xBet link OK → 303
[2026-06-29T11:06:05.474Z] ✅ Betsson link OK → 301
[2026-06-29T11:06:05.493Z] ⚠️  1xPartners API key not set — skipping stats pull
[2026-06-29T11:06:05.494Z] ✅ All checks passed — no alerts
[2026-06-29T11:06:05.497Z] ━━━ SUMMARY ━━━
[2026-06-29T11:06:05.498Z] ✅ Site: UP (200)
[2026-06-29T11:06:05.498Z] ✅ 1xBet: redirect OK (303)
[2026-06-29T11:06:05.499Z] ✅ Betsson: redirect OK (301)
[2026-06-29T11:06:05.500Z] ━━━ Monitor END ━━━

━━━ [2026-06-29 13:06] Daily Run END ━━━
━━━ [2026-06-29 18:00] WorldCupBet26 Daily Run START ━━━
📅 Today's featured match: Mexico vs South Korea on 2026-06-18
✅ StickyOddsBar updated → 🇲🇽 Mexico vs South Korea 🇰🇷 (Jun 18)
[2026-06-29T16:00:01.149Z] ━━━ WorldCupBet26 Monitor START ━━━
[2026-06-29T16:00:02.282Z] ✅ Site UP — https://www.worldcupbet26.com → 200
[2026-06-29T16:00:02.503Z] ✅ 1xBet link OK → 303
[2026-06-29T16:00:02.931Z] ✅ Betsson link OK → 301
[2026-06-29T16:00:02.931Z] ⚠️  1xPartners API key not set — skipping stats pull
[2026-06-29T16:00:02.931Z] ✅ All checks passed — no alerts
[2026-06-29T16:00:02.932Z] ━━━ SUMMARY ━━━
[2026-06-29T16:00:02.933Z] ✅ Site: UP (200)
[2026-06-29T16:00:02.933Z] ✅ 1xBet: redirect OK (303)
[2026-06-29T16:00:02.933Z] ✅ Betsson: redirect OK (301)
[2026-06-29T16:00:02.934Z] ━━━ Monitor END ━━━

━━━ [2026-06-29 18:00] Daily Run END ━━━
━━━ [2026-06-29 21:00] WorldCupBet26 Daily Run START ━━━
📅 Today's featured match: Mexico vs South Korea on 2026-06-18
✅ StickyOddsBar updated → 🇲🇽 Mexico vs South Korea 🇰🇷 (Jun 18)
[2026-06-29T19:00:01.046Z] ━━━ WorldCupBet26 Monitor START ━━━
[2026-06-29T19:00:02.401Z] ✅ Site UP — https://www.worldcupbet26.com → 200
[2026-06-29T19:00:02.689Z] ✅ 1xBet link OK → 303
[2026-06-29T19:00:03.089Z] ✅ Betsson link OK → 301
[2026-06-29T19:00:03.090Z] ⚠️  1xPartners API key not set — skipping stats pull
[2026-06-29T19:00:03.090Z] ✅ All checks passed — no alerts
[2026-06-29T19:00:03.092Z] ━━━ SUMMARY ━━━
[2026-06-29T19:00:03.092Z] ✅ Site: UP (200)
[2026-06-29T19:00:03.092Z] ✅ 1xBet: redirect OK (303)
[2026-06-29T19:00:03.093Z] ✅ Betsson: redirect OK (301)
[2026-06-29T19:00:03.093Z] ━━━ Monitor END ━━━

━━━ [2026-06-29 21:00] Daily Run END ━━━
━━━ [2026-06-30 13:00] WorldCupBet26 Daily Run START ━━━
📅 Today's featured match: Mexico vs South Korea on 2026-06-18
✅ StickyOddsBar updated → 🇲🇽 Mexico vs South Korea 🇰🇷 (Jun 18)
[2026-06-30T11:00:48.460Z] ━━━ WorldCupBet26 Monitor START ━━━
[2026-06-30T11:00:50.332Z] ✅ Site UP — https://www.worldcupbet26.com → 200
[2026-06-30T11:00:50.660Z] ✅ 1xBet link OK → 303
[2026-06-30T11:00:50.953Z] ✅ Betsson link OK → 301
[2026-06-30T11:00:50.956Z] ⚠️  1xPartners API key not set — skipping stats pull
[2026-06-30T11:00:50.957Z] ✅ All checks passed — no alerts
[2026-06-30T11:00:50.960Z] ━━━ SUMMARY ━━━
[2026-06-30T11:00:50.961Z] ✅ Site: UP (200)
[2026-06-30T11:00:50.962Z] ✅ 1xBet: redirect OK (303)
[2026-06-30T11:00:50.964Z] ✅ Betsson: redirect OK (301)
[2026-06-30T11:00:50.964Z] ━━━ Monitor END ━━━

━━━ [2026-06-30 13:01] Daily Run END ━━━
━━━ [2026-06-30 21:05] WorldCupBet26 Daily Run START ━━━
📅 Today's featured match: Mexico vs South Korea on 2026-06-18
✅ StickyOddsBar updated → 🇲🇽 Mexico vs South Korea 🇰🇷 (Jun 18)
[2026-06-30T19:05:56.479Z] ━━━ WorldCupBet26 Monitor START ━━━
[2026-06-30T19:06:00.408Z] ✅ Site UP — https://www.worldcupbet26.com → 200
[2026-06-30T19:06:03.286Z] ✅ 1xBet link OK → 303
[2026-06-30T19:06:04.582Z] ✅ Betsson link OK → 301
[2026-06-30T19:06:04.589Z] ⚠️  1xPartners API key not set — skipping stats pull
[2026-06-30T19:06:04.590Z] ✅ All checks passed — no alerts
[2026-06-30T19:06:04.594Z] ━━━ SUMMARY ━━━
[2026-06-30T19:06:04.595Z] ✅ Site: UP (200)
[2026-06-30T19:06:04.596Z] ✅ 1xBet: redirect OK (303)
[2026-06-30T19:06:04.597Z] ✅ Betsson: redirect OK (301)
[2026-06-30T19:06:04.598Z] ━━━ Monitor END ━━━

━━━ [2026-06-30 21:06] Daily Run END ━━━
━━━ [2026-07-01 18:00] WorldCupBet26 Daily Run START ━━━
📅 Today's featured match: Mexico vs South Korea on 2026-06-18
✅ StickyOddsBar updated → 🇲🇽 Mexico vs South Korea 🇰🇷 (Jun 18)
[2026-07-01T16:00:00.983Z] ━━━ WorldCupBet26 Monitor START ━━━
[2026-07-01T16:00:01.620Z] ✅ Site UP — https://www.worldcupbet26.com → 200
[2026-07-01T16:00:01.810Z] ✅ 1xBet link OK → 303
[2026-07-01T16:00:02.071Z] ✅ Betsson link OK → 301
[2026-07-01T16:00:02.071Z] ⚠️  1xPartners API key not set — skipping stats pull
[2026-07-01T16:00:02.072Z] ✅ All checks passed — no alerts
[2026-07-01T16:00:02.073Z] ━━━ SUMMARY ━━━
[2026-07-01T16:00:02.074Z] ✅ Site: UP (200)
[2026-07-01T16:00:02.074Z] ✅ 1xBet: redirect OK (303)
[2026-07-01T16:00:02.074Z] ✅ Betsson: redirect OK (301)
[2026-07-01T16:00:02.075Z] ━━━ Monitor END ━━━

━━━ [2026-07-01 18:00] Daily Run END ━━━
━━━ [2026-07-02 13:00] WorldCupBet26 Daily Run START ━━━
📅 Today's featured match: Mexico vs South Korea on 2026-06-18
✅ StickyOddsBar updated → 🇲🇽 Mexico vs South Korea 🇰🇷 (Jun 18)
[2026-07-02T11:00:00.649Z] ━━━ WorldCupBet26 Monitor START ━━━
[2026-07-02T11:00:01.769Z] ✅ Site UP — https://www.worldcupbet26.com → 200
[2026-07-02T11:00:01.938Z] ✅ 1xBet link OK → 303
[2026-07-02T11:00:02.303Z] ✅ Betsson link OK → 301
[2026-07-02T11:00:02.303Z] ⚠️  1xPartners API key not set — skipping stats pull
[2026-07-02T11:00:02.304Z] ✅ All checks passed — no alerts
[2026-07-02T11:00:02.305Z] ━━━ SUMMARY ━━━
[2026-07-02T11:00:02.306Z] ✅ Site: UP (200)
[2026-07-02T11:00:02.306Z] ✅ 1xBet: redirect OK (303)
[2026-07-02T11:00:02.307Z] ✅ Betsson: redirect OK (301)
[2026-07-02T11:00:02.307Z] ━━━ Monitor END ━━━

━━━ [2026-07-02 13:00] Daily Run END ━━━
━━━ [2026-07-02 18:01] WorldCupBet26 Daily Run START ━━━
📅 Today's featured match: Mexico vs South Korea on 2026-06-18
✅ StickyOddsBar updated → 🇲🇽 Mexico vs South Korea 🇰🇷 (Jun 18)
[2026-07-02T16:02:04.540Z] ━━━ WorldCupBet26 Monitor START ━━━
[2026-07-02T16:02:08.912Z] ✅ Site UP — https://www.worldcupbet26.com → 200
[2026-07-02T16:02:09.157Z] ✅ 1xBet link OK → 303
[2026-07-02T16:42:07.945Z] ❌ Betsson link BROKEN → read ECONNRESET
[2026-07-02T16:42:07.949Z] ⚠️  1xPartners API key not set — skipping stats pull
[2026-07-02T16:42:08.075Z] 🔔 Sending 1 alert(s) via Telegram
[2026-07-02T16:42:08.076Z] ⚠️  Telegram not configured — skipping alert
[2026-07-02T16:42:08.077Z] ━━━ SUMMARY ━━━
[2026-07-02T16:42:08.077Z] ✅ Site: UP (200)
[2026-07-02T16:42:08.077Z] ✅ 1xBet: redirect OK (303)
[2026-07-02T16:42:08.077Z] ❌ Betsson: BROKEN
[2026-07-02T16:42:08.077Z] ━━━ Monitor END ━━━

━━━ [2026-07-02 18:42] Daily Run END ━━━
━━━ [2026-07-02 21:00] WorldCupBet26 Daily Run START ━━━
📅 Today's featured match: Mexico vs South Korea on 2026-06-18
✅ StickyOddsBar updated → 🇲🇽 Mexico vs South Korea 🇰🇷 (Jun 18)
[2026-07-02T19:00:41.307Z] ━━━ WorldCupBet26 Monitor START ━━━
[2026-07-02T19:06:06.336Z] ❌ Site DOWN — https://www.worldcupbet26.com → timeout
[2026-07-02T19:06:06.714Z] ✅ 1xBet link OK → 303
[2026-07-02T19:06:07.017Z] ✅ Betsson link OK → 301
[2026-07-02T19:06:07.017Z] ⚠️  1xPartners API key not set — skipping stats pull
[2026-07-02T19:06:07.982Z] 🔔 Sending 1 alert(s) via Telegram
[2026-07-02T19:06:07.982Z] ⚠️  Telegram not configured — skipping alert
[2026-07-02T19:06:07.983Z] ━━━ SUMMARY ━━━
[2026-07-02T19:06:07.983Z] ❌ Site: DOWN
[2026-07-02T19:06:07.983Z] ✅ 1xBet: redirect OK (303)
[2026-07-02T19:06:07.983Z] ✅ Betsson: redirect OK (301)
[2026-07-02T19:06:07.984Z] ━━━ Monitor END ━━━

━━━ [2026-07-02 21:06] Daily Run END ━━━
━━━ [2026-07-03 13:00] WorldCupBet26 Daily Run START ━━━
📅 Today's featured match: Mexico vs South Korea on 2026-06-18
✅ StickyOddsBar updated → 🇲🇽 Mexico vs South Korea 🇰🇷 (Jun 18)
[2026-07-03T11:00:00.905Z] ━━━ WorldCupBet26 Monitor START ━━━
[2026-07-03T11:00:02.159Z] ✅ Site UP — https://www.worldcupbet26.com → 200
[2026-07-03T11:00:02.379Z] ✅ 1xBet link OK → 303
[2026-07-03T11:00:02.629Z] ✅ Betsson link OK → 301
[2026-07-03T11:00:02.629Z] ⚠️  1xPartners API key not set — skipping stats pull
[2026-07-03T11:00:02.629Z] ✅ All checks passed — no alerts
[2026-07-03T11:00:02.631Z] ━━━ SUMMARY ━━━
[2026-07-03T11:00:02.631Z] ✅ Site: UP (200)
[2026-07-03T11:00:02.631Z] ✅ 1xBet: redirect OK (303)
[2026-07-03T11:00:02.632Z] ✅ Betsson: redirect OK (301)
[2026-07-03T11:00:02.632Z] ━━━ Monitor END ━━━

━━━ [2026-07-03 13:00] Daily Run END ━━━
━━━ [2026-07-03 18:02] WorldCupBet26 Daily Run START ━━━
📅 Today's featured match: Mexico vs South Korea on 2026-06-18
✅ StickyOddsBar updated → 🇲🇽 Mexico vs South Korea 🇰🇷 (Jun 18)
[2026-07-03T16:02:46.494Z] ━━━ WorldCupBet26 Monitor START ━━━
[2026-07-03T16:02:47.401Z] ✅ Site UP — https://www.worldcupbet26.com → 200
[2026-07-03T16:02:47.595Z] ✅ 1xBet link OK → 303
[2026-07-03T16:02:47.857Z] ✅ Betsson link OK → 301
[2026-07-03T16:02:47.859Z] ⚠️  1xPartners API key not set — skipping stats pull
[2026-07-03T16:02:47.859Z] ✅ All checks passed — no alerts
[2026-07-03T16:02:47.862Z] ━━━ SUMMARY ━━━
[2026-07-03T16:02:47.862Z] ✅ Site: UP (200)
[2026-07-03T16:02:47.863Z] ✅ 1xBet: redirect OK (303)
[2026-07-03T16:02:47.864Z] ✅ Betsson: redirect OK (301)
[2026-07-03T16:02:47.865Z] ━━━ Monitor END ━━━

━━━ [2026-07-03 18:02] Daily Run END ━━━
━━━ [2026-07-03 21:03] WorldCupBet26 Daily Run START ━━━
📅 Today's featured match: Mexico vs South Korea on 2026-06-18
✅ StickyOddsBar updated → 🇲🇽 Mexico vs South Korea 🇰🇷 (Jun 18)
[2026-07-03T19:03:46.268Z] ━━━ WorldCupBet26 Monitor START ━━━
[2026-07-03T19:03:48.046Z] ✅ Site UP — https://www.worldcupbet26.com → 200
[2026-07-03T19:03:48.341Z] ✅ 1xBet link OK → 303
[2026-07-03T19:03:48.772Z] ✅ Betsson link OK → 301
[2026-07-03T19:03:48.773Z] ⚠️  1xPartners API key not set — skipping stats pull
[2026-07-03T19:03:48.774Z] ✅ All checks passed — no alerts
[2026-07-03T19:03:48.777Z] ━━━ SUMMARY ━━━
[2026-07-03T19:03:48.778Z] ✅ Site: UP (200)
[2026-07-03T19:03:48.778Z] ✅ 1xBet: redirect OK (303)
[2026-07-03T19:03:48.779Z] ✅ Betsson: redirect OK (301)
[2026-07-03T19:03:48.780Z] ━━━ Monitor END ━━━

━━━ [2026-07-03 21:05] Daily Run END ━━━
━━━ [2026-07-04 18:00] WorldCupBet26 Daily Run START ━━━
📅 Today's featured match: Mexico vs South Korea on 2026-06-18
✅ StickyOddsBar updated → 🇲🇽 Mexico vs South Korea 🇰🇷 (Jun 18)
[2026-07-04T16:00:01.043Z] ━━━ WorldCupBet26 Monitor START ━━━
[2026-07-04T16:00:02.984Z] ✅ Site UP — https://www.worldcupbet26.com → 200
[2026-07-04T16:00:03.134Z] ✅ 1xBet link OK → 303
[2026-07-04T16:00:03.374Z] ✅ Betsson link OK → 301
[2026-07-04T16:00:03.374Z] ⚠️  1xPartners API key not set — skipping stats pull
[2026-07-04T16:00:03.374Z] ✅ All checks passed — no alerts
[2026-07-04T16:00:03.375Z] ━━━ SUMMARY ━━━
[2026-07-04T16:00:03.375Z] ✅ Site: UP (200)
[2026-07-04T16:00:03.375Z] ✅ 1xBet: redirect OK (303)
[2026-07-04T16:00:03.375Z] ✅ Betsson: redirect OK (301)
[2026-07-04T16:00:03.376Z] ━━━ Monitor END ━━━

━━━ [2026-07-04 18:00] Daily Run END ━━━
━━━ [2026-07-05 13:00] WorldCupBet26 Daily Run START ━━━
📅 Today's featured match: Mexico vs South Korea on 2026-06-18
✅ StickyOddsBar updated → 🇲🇽 Mexico vs South Korea 🇰🇷 (Jun 18)
[2026-07-05T11:00:01.956Z] ━━━ WorldCupBet26 Monitor START ━━━
[2026-07-05T11:00:02.584Z] ✅ Site UP — https://www.worldcupbet26.com → 200
[2026-07-05T11:00:02.779Z] ✅ 1xBet link OK → 303
[2026-07-05T11:00:03.147Z] ✅ Betsson link OK → 301
[2026-07-05T11:00:03.147Z] ⚠️  1xPartners API key not set — skipping stats pull
[2026-07-05T11:00:03.148Z] ✅ All checks passed — no alerts
[2026-07-05T11:00:03.149Z] ━━━ SUMMARY ━━━
[2026-07-05T11:00:03.149Z] ✅ Site: UP (200)
[2026-07-05T11:00:03.150Z] ✅ 1xBet: redirect OK (303)
[2026-07-05T11:00:03.150Z] ✅ Betsson: redirect OK (301)
[2026-07-05T11:00:03.150Z] ━━━ Monitor END ━━━

━━━ [2026-07-05 13:00] Daily Run END ━━━
━━━ [2026-07-05 18:00] WorldCupBet26 Daily Run START ━━━
📅 Today's featured match: Mexico vs South Korea on 2026-06-18
✅ StickyOddsBar updated → 🇲🇽 Mexico vs South Korea 🇰🇷 (Jun 18)
[2026-07-05T16:00:01.333Z] ━━━ WorldCupBet26 Monitor START ━━━
[2026-07-05T16:00:03.318Z] ✅ Site UP — https://www.worldcupbet26.com → 200
[2026-07-05T16:00:03.805Z] ✅ 1xBet link OK → 303
[2026-07-05T16:00:04.329Z] ✅ Betsson link OK → 301
[2026-07-05T16:00:04.330Z] ⚠️  1xPartners API key not set — skipping stats pull
[2026-07-05T16:00:04.330Z] ✅ All checks passed — no alerts
[2026-07-05T16:00:04.331Z] ━━━ SUMMARY ━━━
[2026-07-05T16:00:04.332Z] ✅ Site: UP (200)
[2026-07-05T16:00:04.332Z] ✅ 1xBet: redirect OK (303)
[2026-07-05T16:00:04.332Z] ✅ Betsson: redirect OK (301)
[2026-07-05T16:00:04.332Z] ━━━ Monitor END ━━━

━━━ [2026-07-05 18:00] Daily Run END ━━━
━━━ [2026-07-06 13:01] WorldCupBet26 Daily Run START ━━━
📅 Today's featured match: Mexico vs South Korea on 2026-06-18
✅ StickyOddsBar updated → 🇲🇽 Mexico vs South Korea 🇰🇷 (Jun 18)
[2026-07-06T11:08:20.628Z] ━━━ WorldCupBet26 Monitor START ━━━
[2026-07-06T11:08:22.865Z] ✅ Site UP — https://www.worldcupbet26.com → 200
[2026-07-06T11:08:23.062Z] ✅ 1xBet link OK → 303
[2026-07-06T11:08:23.305Z] ✅ Betsson link OK → 301
[2026-07-06T11:08:23.305Z] ⚠️  1xPartners API key not set — skipping stats pull
[2026-07-06T11:08:23.306Z] ✅ All checks passed — no alerts
[2026-07-06T11:08:23.307Z] ━━━ SUMMARY ━━━
[2026-07-06T11:08:23.307Z] ✅ Site: UP (200)
[2026-07-06T11:08:23.307Z] ✅ 1xBet: redirect OK (303)
[2026-07-06T11:08:23.307Z] ✅ Betsson: redirect OK (301)
[2026-07-06T11:08:23.308Z] ━━━ Monitor END ━━━

━━━ [2026-07-06 13:08] Daily Run END ━━━
━━━ [2026-07-06 18:00] WorldCupBet26 Daily Run START ━━━
📅 Today's featured match: Mexico vs South Korea on 2026-06-18
✅ StickyOddsBar updated → 🇲🇽 Mexico vs South Korea 🇰🇷 (Jun 18)
[2026-07-06T16:00:00.845Z] ━━━ WorldCupBet26 Monitor START ━━━
[2026-07-06T16:00:02.028Z] ✅ Site UP — https://www.worldcupbet26.com → 200
[2026-07-06T16:00:02.194Z] ✅ 1xBet link OK → 303
[2026-07-06T16:00:02.552Z] ✅ Betsson link OK → 301
[2026-07-06T16:00:02.576Z] ⚠️  1xPartners API key not set — skipping stats pull
[2026-07-06T16:00:02.605Z] ✅ All checks passed — no alerts
[2026-07-06T16:00:02.648Z] ━━━ SUMMARY ━━━
[2026-07-06T16:00:02.652Z] ✅ Site: UP (200)
[2026-07-06T16:00:02.652Z] ✅ 1xBet: redirect OK (303)
[2026-07-06T16:00:02.676Z] ✅ Betsson: redirect OK (301)
[2026-07-06T16:00:02.678Z] ━━━ Monitor END ━━━

━━━ [2026-07-06 18:00] Daily Run END ━━━
━━━ [2026-07-07 09:00] WorldCupBet26 Daily Run START ━━━
📅 Today's featured match: Mexico vs South Korea on 2026-06-18
✅ StickyOddsBar updated → 🇲🇽 Mexico vs South Korea 🇰🇷 (Jun 18)
[2026-07-07T07:00:01.525Z] ━━━ WorldCupBet26 Monitor START ━━━
[2026-07-07T07:00:02.777Z] ✅ Site UP — https://www.worldcupbet26.com → 200
[2026-07-07T07:00:02.934Z] ✅ 1xBet link OK → 303
[2026-07-07T07:00:03.170Z] ✅ Betsson link OK → 301
[2026-07-07T07:00:03.170Z] ⚠️  1xPartners API key not set — skipping stats pull
[2026-07-07T07:00:03.171Z] ✅ All checks passed — no alerts
[2026-07-07T07:00:03.172Z] ━━━ SUMMARY ━━━
[2026-07-07T07:00:03.172Z] ✅ Site: UP (200)
[2026-07-07T07:00:03.172Z] ✅ 1xBet: redirect OK (303)
[2026-07-07T07:00:03.173Z] ✅ Betsson: redirect OK (301)
[2026-07-07T07:00:03.173Z] ━━━ Monitor END ━━━

━━━ [2026-07-07 09:00] Daily Run END ━━━
━━━ [2026-07-07 13:00] WorldCupBet26 Daily Run START ━━━
📅 Today's featured match: Mexico vs South Korea on 2026-06-18
✅ StickyOddsBar updated → 🇲🇽 Mexico vs South Korea 🇰🇷 (Jun 18)
[2026-07-07T11:00:01.143Z] ━━━ WorldCupBet26 Monitor START ━━━
[2026-07-07T11:00:02.358Z] ✅ Site UP — https://www.worldcupbet26.com → 200
[2026-07-07T11:00:02.532Z] ✅ 1xBet link OK → 303
[2026-07-07T11:00:02.781Z] ✅ Betsson link OK → 301
[2026-07-07T11:00:02.781Z] ⚠️  1xPartners API key not set — skipping stats pull
[2026-07-07T11:00:02.782Z] ✅ All checks passed — no alerts
[2026-07-07T11:00:02.783Z] ━━━ SUMMARY ━━━
[2026-07-07T11:00:02.783Z] ✅ Site: UP (200)
[2026-07-07T11:00:02.783Z] ✅ 1xBet: redirect OK (303)
[2026-07-07T11:00:02.784Z] ✅ Betsson: redirect OK (301)
[2026-07-07T11:00:02.784Z] ━━━ Monitor END ━━━

━━━ [2026-07-07 13:00] Daily Run END ━━━
━━━ [2026-07-07 21:00] WorldCupBet26 Daily Run START ━━━
📅 Today's featured match: Mexico vs South Korea on 2026-06-18
✅ StickyOddsBar updated → 🇲🇽 Mexico vs South Korea 🇰🇷 (Jun 18)
[2026-07-07T19:00:01.232Z] ━━━ WorldCupBet26 Monitor START ━━━
[2026-07-07T19:00:03.490Z] ✅ Site UP — https://www.worldcupbet26.com → 200
[2026-07-07T19:00:03.652Z] ✅ 1xBet link OK → 303
[2026-07-07T19:00:04.070Z] ✅ Betsson link OK → 301
[2026-07-07T19:00:04.070Z] ⚠️  1xPartners API key not set — skipping stats pull
[2026-07-07T19:00:04.070Z] ✅ All checks passed — no alerts
[2026-07-07T19:00:04.071Z] ━━━ SUMMARY ━━━
[2026-07-07T19:00:04.071Z] ✅ Site: UP (200)
[2026-07-07T19:00:04.072Z] ✅ 1xBet: redirect OK (303)
[2026-07-07T19:00:04.072Z] ✅ Betsson: redirect OK (301)
[2026-07-07T19:00:04.073Z] ━━━ Monitor END ━━━

━━━ [2026-07-07 21:00] Daily Run END ━━━
━━━ [2026-07-08 21:00] WorldCupBet26 Daily Run START ━━━
📅 Today's featured match: Mexico vs South Korea on 2026-06-18
✅ StickyOddsBar updated → 🇲🇽 Mexico vs South Korea 🇰🇷 (Jun 18)
[2026-07-08T19:00:01.109Z] ━━━ WorldCupBet26 Monitor START ━━━
[2026-07-08T19:00:02.416Z] ✅ Site UP — https://www.worldcupbet26.com → 200
[2026-07-08T19:00:02.550Z] ✅ 1xBet link OK → 303
[2026-07-08T19:00:02.813Z] ✅ Betsson link OK → 301
[2026-07-08T19:00:02.813Z] ⚠️  1xPartners API key not set — skipping stats pull
[2026-07-08T19:00:02.813Z] ✅ All checks passed — no alerts
[2026-07-08T19:00:02.814Z] ━━━ SUMMARY ━━━
[2026-07-08T19:00:02.814Z] ✅ Site: UP (200)
[2026-07-08T19:00:02.815Z] ✅ 1xBet: redirect OK (303)
[2026-07-08T19:00:02.815Z] ✅ Betsson: redirect OK (301)
[2026-07-08T19:00:02.815Z] ━━━ Monitor END ━━━

━━━ [2026-07-08 21:00] Daily Run END ━━━
━━━ [2026-07-09 09:00] WorldCupBet26 Daily Run START ━━━
📅 Today's featured match: Mexico vs South Korea on 2026-06-18
✅ StickyOddsBar updated → 🇲🇽 Mexico vs South Korea 🇰🇷 (Jun 18)
[2026-07-09T07:00:01.688Z] ━━━ WorldCupBet26 Monitor START ━━━
[2026-07-09T07:00:02.910Z] ✅ Site UP — https://www.worldcupbet26.com → 200
[2026-07-09T07:00:03.121Z] ✅ 1xBet link OK → 303
[2026-07-09T07:00:03.511Z] ✅ Betsson link OK → 301
[2026-07-09T07:00:03.512Z] ⚠️  1xPartners API key not set — skipping stats pull
[2026-07-09T07:00:03.512Z] ✅ All checks passed — no alerts
[2026-07-09T07:00:03.513Z] ━━━ SUMMARY ━━━
[2026-07-09T07:00:03.513Z] ✅ Site: UP (200)
[2026-07-09T07:00:03.513Z] ✅ 1xBet: redirect OK (303)
[2026-07-09T07:00:03.514Z] ✅ Betsson: redirect OK (301)
[2026-07-09T07:00:03.514Z] ━━━ Monitor END ━━━

━━━ [2026-07-09 09:00] Daily Run END ━━━
━━━ [2026-07-09 18:00] WorldCupBet26 Daily Run START ━━━
📅 Today's featured match: Mexico vs South Korea on 2026-06-18
✅ StickyOddsBar updated → 🇲🇽 Mexico vs South Korea 🇰🇷 (Jun 18)
[2026-07-09T16:00:01.555Z] ━━━ WorldCupBet26 Monitor START ━━━
[2026-07-09T16:00:03.541Z] ✅ Site UP — https://www.worldcupbet26.com → 200
[2026-07-09T16:00:03.674Z] ✅ 1xBet link OK → 303
[2026-07-09T16:00:03.924Z] ✅ Betsson link OK → 301
[2026-07-09T16:00:03.925Z] ⚠️  1xPartners API key not set — skipping stats pull
[2026-07-09T16:00:03.925Z] ✅ All checks passed — no alerts
[2026-07-09T16:00:03.926Z] ━━━ SUMMARY ━━━
[2026-07-09T16:00:03.926Z] ✅ Site: UP (200)
[2026-07-09T16:00:03.927Z] ✅ 1xBet: redirect OK (303)
[2026-07-09T16:00:03.927Z] ✅ Betsson: redirect OK (301)
[2026-07-09T16:00:03.927Z] ━━━ Monitor END ━━━

━━━ [2026-07-09 18:00] Daily Run END ━━━
━━━ [2026-07-09 21:00] WorldCupBet26 Daily Run START ━━━
📅 Today's featured match: Mexico vs South Korea on 2026-06-18
✅ StickyOddsBar updated → 🇲🇽 Mexico vs South Korea 🇰🇷 (Jun 18)
[2026-07-09T19:00:01.076Z] ━━━ WorldCupBet26 Monitor START ━━━
[2026-07-09T19:00:02.957Z] ✅ Site UP — https://www.worldcupbet26.com → 200
[2026-07-09T19:00:03.085Z] ✅ 1xBet link OK → 303
[2026-07-09T19:00:03.330Z] ✅ Betsson link OK → 301
[2026-07-09T19:00:03.331Z] ⚠️  1xPartners API key not set — skipping stats pull
[2026-07-09T19:00:03.331Z] ✅ All checks passed — no alerts
[2026-07-09T19:00:03.332Z] ━━━ SUMMARY ━━━
[2026-07-09T19:00:03.332Z] ✅ Site: UP (200)
[2026-07-09T19:00:03.332Z] ✅ 1xBet: redirect OK (303)
[2026-07-09T19:00:03.333Z] ✅ Betsson: redirect OK (301)
[2026-07-09T19:00:03.333Z] ━━━ Monitor END ━━━

━━━ [2026-07-09 21:00] Daily Run END ━━━
━━━ [2026-07-10 09:00] WorldCupBet26 Daily Run START ━━━
📅 Today's featured match: Mexico vs South Korea on 2026-06-18
✅ StickyOddsBar updated → 🇲🇽 Mexico vs South Korea 🇰🇷 (Jun 18)
[2026-07-10T07:00:01.187Z] ━━━ WorldCupBet26 Monitor START ━━━
[2026-07-10T07:00:02.985Z] ✅ Site UP — https://www.worldcupbet26.com → 200
[2026-07-10T07:00:03.123Z] ✅ 1xBet link OK → 303
[2026-07-10T07:00:03.507Z] ✅ Betsson link OK → 301
[2026-07-10T07:00:03.507Z] ⚠️  1xPartners API key not set — skipping stats pull
[2026-07-10T07:00:03.507Z] ✅ All checks passed — no alerts
[2026-07-10T07:00:03.509Z] ━━━ SUMMARY ━━━
[2026-07-10T07:00:03.509Z] ✅ Site: UP (200)
[2026-07-10T07:00:03.510Z] ✅ 1xBet: redirect OK (303)
[2026-07-10T07:00:03.510Z] ✅ Betsson: redirect OK (301)
[2026-07-10T07:00:03.510Z] ━━━ Monitor END ━━━

━━━ [2026-07-10 09:00] Daily Run END ━━━
━━━ [2026-07-10 13:00] WorldCupBet26 Daily Run START ━━━
📅 Today's featured match: Mexico vs South Korea on 2026-06-18
✅ StickyOddsBar updated → 🇲🇽 Mexico vs South Korea 🇰🇷 (Jun 18)
[2026-07-10T11:00:01.175Z] ━━━ WorldCupBet26 Monitor START ━━━
[2026-07-10T11:00:03.222Z] ✅ Site UP — https://www.worldcupbet26.com → 200
[2026-07-10T11:00:03.349Z] ✅ 1xBet link OK → 303
[2026-07-10T11:00:03.610Z] ✅ Betsson link OK → 301
[2026-07-10T11:00:03.610Z] ⚠️  1xPartners API key not set — skipping stats pull
[2026-07-10T11:00:03.611Z] ✅ All checks passed — no alerts
[2026-07-10T11:00:03.613Z] ━━━ SUMMARY ━━━
[2026-07-10T11:00:03.614Z] ✅ Site: UP (200)
[2026-07-10T11:00:03.614Z] ✅ 1xBet: redirect OK (303)
[2026-07-10T11:00:03.614Z] ✅ Betsson: redirect OK (301)
[2026-07-10T11:00:03.615Z] ━━━ Monitor END ━━━

━━━ [2026-07-10 13:00] Daily Run END ━━━
━━━ [2026-07-10 18:00] WorldCupBet26 Daily Run START ━━━
📅 Today's featured match: Mexico vs South Korea on 2026-06-18
✅ StickyOddsBar updated → 🇲🇽 Mexico vs South Korea 🇰🇷 (Jun 18)
[2026-07-10T16:00:01.257Z] ━━━ WorldCupBet26 Monitor START ━━━
[2026-07-10T16:00:03.197Z] ✅ Site UP — https://www.worldcupbet26.com → 200
[2026-07-10T16:00:03.311Z] ✅ 1xBet link OK → 303
[2026-07-10T16:00:03.574Z] ✅ Betsson link OK → 301
[2026-07-10T16:00:03.574Z] ⚠️  1xPartners API key not set — skipping stats pull
[2026-07-10T16:00:03.575Z] ✅ All checks passed — no alerts
[2026-07-10T16:00:03.576Z] ━━━ SUMMARY ━━━
[2026-07-10T16:00:03.577Z] ✅ Site: UP (200)
[2026-07-10T16:00:03.577Z] ✅ 1xBet: redirect OK (303)
[2026-07-10T16:00:03.577Z] ✅ Betsson: redirect OK (301)
[2026-07-10T16:00:03.577Z] ━━━ Monitor END ━━━

━━━ [2026-07-10 18:00] Daily Run END ━━━
━━━ [2026-07-10 21:00] WorldCupBet26 Daily Run START ━━━
📅 Today's featured match: Mexico vs South Korea on 2026-06-18
✅ StickyOddsBar updated → 🇲🇽 Mexico vs South Korea 🇰🇷 (Jun 18)
[2026-07-10T19:00:58.220Z] ━━━ WorldCupBet26 Monitor START ━━━
[2026-07-10T19:00:59.656Z] ✅ Site UP — https://www.worldcupbet26.com → 200
[2026-07-10T19:00:59.806Z] ✅ 1xBet link OK → 303
[2026-07-10T19:01:00.084Z] ✅ Betsson link OK → 301
[2026-07-10T19:01:00.085Z] ⚠️  1xPartners API key not set — skipping stats pull
[2026-07-10T19:01:00.085Z] ✅ All checks passed — no alerts
[2026-07-10T19:01:00.087Z] ━━━ SUMMARY ━━━
[2026-07-10T19:01:00.087Z] ✅ Site: UP (200)
[2026-07-10T19:01:00.087Z] ✅ 1xBet: redirect OK (303)
[2026-07-10T19:01:00.088Z] ✅ Betsson: redirect OK (301)
[2026-07-10T19:01:00.088Z] ━━━ Monitor END ━━━

━━━ [2026-07-10 21:01] Daily Run END ━━━
━━━ [2026-07-11 13:00] WorldCupBet26 Daily Run START ━━━
📅 Today's featured match: Mexico vs South Korea on 2026-06-18
✅ StickyOddsBar updated → 🇲🇽 Mexico vs South Korea 🇰🇷 (Jun 18)
[2026-07-11T11:00:04.354Z] ━━━ WorldCupBet26 Monitor START ━━━
[2026-07-11T11:00:06.979Z] ✅ Site UP — https://www.worldcupbet26.com → 200
[2026-07-11T11:00:07.228Z] ✅ 1xBet link OK → 303
[2026-07-11T11:00:07.756Z] ✅ Betsson link OK → 301
[2026-07-11T11:00:07.757Z] ⚠️  1xPartners API key not set — skipping stats pull
[2026-07-11T11:00:07.757Z] ✅ All checks passed — no alerts
[2026-07-11T11:00:07.760Z] ━━━ SUMMARY ━━━
[2026-07-11T11:00:07.760Z] ✅ Site: UP (200)
[2026-07-11T11:00:07.761Z] ✅ 1xBet: redirect OK (303)
[2026-07-11T11:00:07.798Z] ✅ Betsson: redirect OK (301)
[2026-07-11T11:00:07.798Z] ━━━ Monitor END ━━━

━━━ [2026-07-11 13:00] Daily Run END ━━━
━━━ [2026-07-12 09:00] WorldCupBet26 Daily Run START ━━━
📅 Today's featured match: Mexico vs South Korea on 2026-06-18
✅ StickyOddsBar updated → 🇲🇽 Mexico vs South Korea 🇰🇷 (Jun 18)
[2026-07-12T07:00:00.676Z] ━━━ WorldCupBet26 Monitor START ━━━
[2026-07-12T07:00:01.687Z] ✅ Site UP — https://www.worldcupbet26.com → 200
[2026-07-12T07:00:01.808Z] ✅ 1xBet link OK → 303
[2026-07-12T07:00:02.049Z] ✅ Betsson link OK → 301
[2026-07-12T07:00:02.050Z] ⚠️  1xPartners API key not set — skipping stats pull
[2026-07-12T07:00:02.050Z] ✅ All checks passed — no alerts
[2026-07-12T07:00:02.052Z] ━━━ SUMMARY ━━━
[2026-07-12T07:00:02.052Z] ✅ Site: UP (200)
[2026-07-12T07:00:02.052Z] ✅ 1xBet: redirect OK (303)
[2026-07-12T07:00:02.053Z] ✅ Betsson: redirect OK (301)
[2026-07-12T07:00:02.053Z] ━━━ Monitor END ━━━

━━━ [2026-07-12 09:00] Daily Run END ━━━
━━━ [2026-07-12 18:00] WorldCupBet26 Daily Run START ━━━
📅 Today's featured match: Mexico vs South Korea on 2026-06-18
✅ StickyOddsBar updated → 🇲🇽 Mexico vs South Korea 🇰🇷 (Jun 18)
[2026-07-12T16:00:00.497Z] ━━━ WorldCupBet26 Monitor START ━━━
[2026-07-12T16:00:01.679Z] ✅ Site UP — https://www.worldcupbet26.com → 200
[2026-07-12T16:00:01.808Z] ✅ 1xBet link OK → 303
[2026-07-12T16:00:02.041Z] ✅ Betsson link OK → 301
[2026-07-12T16:00:02.042Z] ⚠️  1xPartners API key not set — skipping stats pull
[2026-07-12T16:00:02.042Z] ✅ All checks passed — no alerts
[2026-07-12T16:00:02.044Z] ━━━ SUMMARY ━━━
[2026-07-12T16:00:02.044Z] ✅ Site: UP (200)
[2026-07-12T16:00:02.044Z] ✅ 1xBet: redirect OK (303)
[2026-07-12T16:00:02.045Z] ✅ Betsson: redirect OK (301)
[2026-07-12T16:00:02.045Z] ━━━ Monitor END ━━━

━━━ [2026-07-12 18:00] Daily Run END ━━━
━━━ [2026-07-12 21:00] WorldCupBet26 Daily Run START ━━━
📅 Today's featured match: Mexico vs South Korea on 2026-06-18
✅ StickyOddsBar updated → 🇲🇽 Mexico vs South Korea 🇰🇷 (Jun 18)
[2026-07-12T19:00:01.366Z] ━━━ WorldCupBet26 Monitor START ━━━
[2026-07-12T19:00:02.956Z] ✅ Site UP — https://www.worldcupbet26.com → 200
[2026-07-12T19:00:03.093Z] ✅ 1xBet link OK → 303
[2026-07-12T19:00:03.454Z] ✅ Betsson link OK → 301
[2026-07-12T19:00:03.455Z] ⚠️  1xPartners API key not set — skipping stats pull
[2026-07-12T19:00:03.455Z] ✅ All checks passed — no alerts
[2026-07-12T19:00:03.456Z] ━━━ SUMMARY ━━━
[2026-07-12T19:00:03.457Z] ✅ Site: UP (200)
[2026-07-12T19:00:03.457Z] ✅ 1xBet: redirect OK (303)
[2026-07-12T19:00:03.458Z] ✅ Betsson: redirect OK (301)
[2026-07-12T19:00:03.458Z] ━━━ Monitor END ━━━

━━━ [2026-07-12 21:00] Daily Run END ━━━
━━━ [2026-07-13 09:00] WorldCupBet26 Daily Run START ━━━
📅 Today's featured match: Mexico vs South Korea on 2026-06-18
✅ StickyOddsBar updated → 🇲🇽 Mexico vs South Korea 🇰🇷 (Jun 18)
[2026-07-13T07:00:00.782Z] ━━━ WorldCupBet26 Monitor START ━━━
[2026-07-13T07:00:01.926Z] ✅ Site UP — https://www.worldcupbet26.com → 200
[2026-07-13T07:00:02.036Z] ✅ 1xBet link OK → 303
[2026-07-13T07:00:02.344Z] ✅ Betsson link OK → 301
[2026-07-13T07:00:02.344Z] ⚠️  1xPartners API key not set — skipping stats pull
[2026-07-13T07:00:02.345Z] ✅ All checks passed — no alerts
[2026-07-13T07:00:02.347Z] ━━━ SUMMARY ━━━
[2026-07-13T07:00:02.347Z] ✅ Site: UP (200)
[2026-07-13T07:00:02.348Z] ✅ 1xBet: redirect OK (303)
[2026-07-13T07:00:02.348Z] ✅ Betsson: redirect OK (301)
[2026-07-13T07:00:02.348Z] ━━━ Monitor END ━━━

━━━ [2026-07-13 09:00] Daily Run END ━━━
━━━ [2026-07-13 18:00] WorldCupBet26 Daily Run START ━━━
📅 Today's featured match: Mexico vs South Korea on 2026-06-18
✅ StickyOddsBar updated → 🇲🇽 Mexico vs South Korea 🇰🇷 (Jun 18)
[2026-07-13T16:00:00.813Z] ━━━ WorldCupBet26 Monitor START ━━━
[2026-07-13T16:00:02.312Z] ✅ Site UP — https://www.worldcupbet26.com → 200
[2026-07-13T16:00:02.431Z] ✅ 1xBet link OK → 303
[2026-07-13T16:00:02.715Z] ✅ Betsson link OK → 301
[2026-07-13T16:00:02.715Z] ⚠️  1xPartners API key not set — skipping stats pull
[2026-07-13T16:00:02.716Z] ✅ All checks passed — no alerts
[2026-07-13T16:00:02.717Z] ━━━ SUMMARY ━━━
[2026-07-13T16:00:02.718Z] ✅ Site: UP (200)
[2026-07-13T16:00:02.718Z] ✅ 1xBet: redirect OK (303)
[2026-07-13T16:00:02.718Z] ✅ Betsson: redirect OK (301)
[2026-07-13T16:00:02.719Z] ━━━ Monitor END ━━━

━━━ [2026-07-13 18:00] Daily Run END ━━━
━━━ [2026-07-13 21:02] WorldCupBet26 Daily Run START ━━━
📅 Today's featured match: Mexico vs South Korea on 2026-06-18
✅ StickyOddsBar updated → 🇲🇽 Mexico vs South Korea 🇰🇷 (Jun 18)
[2026-07-13T19:02:53.592Z] ━━━ WorldCupBet26 Monitor START ━━━
[2026-07-13T19:02:58.791Z] ✅ Site UP — https://www.worldcupbet26.com → 200
[2026-07-13T19:06:02.203Z] ✅ 1xBet link OK → 303
[2026-07-13T19:06:02.595Z] ✅ Betsson link OK → 301
[2026-07-13T19:06:02.602Z] ⚠️  1xPartners API key not set — skipping stats pull
[2026-07-13T19:06:02.603Z] ✅ All checks passed — no alerts
[2026-07-13T19:06:02.603Z] ━━━ SUMMARY ━━━
[2026-07-13T19:06:02.603Z] ✅ Site: UP (200)
[2026-07-13T19:06:02.604Z] ✅ 1xBet: redirect OK (303)
[2026-07-13T19:06:02.604Z] ✅ Betsson: redirect OK (301)
[2026-07-13T19:06:02.604Z] ━━━ Monitor END ━━━

━━━ [2026-07-13 21:06] Daily Run END ━━━
━━━ [2026-07-14 13:00] WorldCupBet26 Daily Run START ━━━
📅 Today's featured match: Mexico vs South Korea on 2026-06-18
✅ StickyOddsBar updated → 🇲🇽 Mexico vs South Korea 🇰🇷 (Jun 18)
[2026-07-14T11:00:00.855Z] ━━━ WorldCupBet26 Monitor START ━━━
[2026-07-14T11:00:02.067Z] ✅ Site UP — https://www.worldcupbet26.com → 200
[2026-07-14T11:00:02.205Z] ✅ 1xBet link OK → 303
[2026-07-14T11:00:02.455Z] ✅ Betsson link OK → 301
[2026-07-14T11:00:02.456Z] ⚠️  1xPartners API key not set — skipping stats pull
[2026-07-14T11:00:02.456Z] ✅ All checks passed — no alerts
[2026-07-14T11:00:02.457Z] ━━━ SUMMARY ━━━
[2026-07-14T11:00:02.458Z] ✅ Site: UP (200)
[2026-07-14T11:00:02.458Z] ✅ 1xBet: redirect OK (303)
[2026-07-14T11:00:02.458Z] ✅ Betsson: redirect OK (301)
[2026-07-14T11:00:02.459Z] ━━━ Monitor END ━━━

━━━ [2026-07-14 13:00] Daily Run END ━━━
━━━ [2026-07-14 18:00] WorldCupBet26 Daily Run START ━━━
📅 Today's featured match: Mexico vs South Korea on 2026-06-18
✅ StickyOddsBar updated → 🇲🇽 Mexico vs South Korea 🇰🇷 (Jun 18)
[2026-07-14T16:00:01.086Z] ━━━ WorldCupBet26 Monitor START ━━━
[2026-07-14T16:00:02.408Z] ✅ Site UP — https://www.worldcupbet26.com → 200
[2026-07-14T16:00:02.515Z] ✅ 1xBet link OK → 303
[2026-07-14T16:00:02.757Z] ✅ Betsson link OK → 301
[2026-07-14T16:00:02.757Z] ⚠️  1xPartners API key not set — skipping stats pull
[2026-07-14T16:00:02.758Z] ✅ All checks passed — no alerts
[2026-07-14T16:00:02.759Z] ━━━ SUMMARY ━━━
[2026-07-14T16:00:02.759Z] ✅ Site: UP (200)
[2026-07-14T16:00:02.759Z] ✅ 1xBet: redirect OK (303)
[2026-07-14T16:00:02.759Z] ✅ Betsson: redirect OK (301)
[2026-07-14T16:00:02.760Z] ━━━ Monitor END ━━━

━━━ [2026-07-14 18:00] Daily Run END ━━━
━━━ [2026-07-15 21:00] WorldCupBet26 Daily Run START ━━━
📅 Today's featured match: Mexico vs South Korea on 2026-06-18
✅ StickyOddsBar updated → 🇲🇽 Mexico vs South Korea 🇰🇷 (Jun 18)
[2026-07-15T19:00:01.228Z] ━━━ WorldCupBet26 Monitor START ━━━
[2026-07-15T19:00:02.339Z] ✅ Site UP — https://www.worldcupbet26.com → 200
[2026-07-15T19:00:02.466Z] ✅ 1xBet link OK → 303
[2026-07-15T19:00:02.730Z] ✅ Betsson link OK → 301
[2026-07-15T19:00:02.730Z] ⚠️  1xPartners API key not set — skipping stats pull
[2026-07-15T19:00:02.731Z] ✅ All checks passed — no alerts
[2026-07-15T19:00:02.732Z] ━━━ SUMMARY ━━━
[2026-07-15T19:00:02.733Z] ✅ Site: UP (200)
[2026-07-15T19:00:02.733Z] ✅ 1xBet: redirect OK (303)
[2026-07-15T19:00:02.733Z] ✅ Betsson: redirect OK (301)
[2026-07-15T19:00:02.733Z] ━━━ Monitor END ━━━

━━━ [2026-07-15 21:00] Daily Run END ━━━
━━━ [2026-07-17 09:06] WorldCupBet26 Daily Run START ━━━
📅 Today's featured match: Mexico vs South Korea on 2026-06-18
✅ StickyOddsBar updated → 🇲🇽 Mexico vs South Korea 🇰🇷 (Jun 18)
[2026-07-17T07:06:04.137Z] ━━━ WorldCupBet26 Monitor START ━━━
[2026-07-17T07:06:06.390Z] ✅ Site UP — https://www.worldcupbet26.com → 200
[2026-07-17T07:06:06.587Z] ✅ 1xBet link OK → 303
[2026-07-17T07:06:06.894Z] ✅ Betsson link OK → 301
[2026-07-17T07:06:06.895Z] ⚠️  1xPartners API key not set — skipping stats pull
[2026-07-17T07:06:06.898Z] ✅ All checks passed — no alerts
[2026-07-17T07:06:06.903Z] ━━━ SUMMARY ━━━
[2026-07-17T07:06:06.903Z] ✅ Site: UP (200)
[2026-07-17T07:06:06.904Z] ✅ 1xBet: redirect OK (303)
[2026-07-17T07:06:06.905Z] ✅ Betsson: redirect OK (301)
[2026-07-17T07:06:06.906Z] ━━━ Monitor END ━━━

━━━ [2026-07-17 09:06] Daily Run END ━━━
━━━ [2026-07-17 13:00] WorldCupBet26 Daily Run START ━━━
📅 Today's featured match: Mexico vs South Korea on 2026-06-18
✅ StickyOddsBar updated → 🇲🇽 Mexico vs South Korea 🇰🇷 (Jun 18)
[2026-07-17T11:00:25.278Z] ━━━ WorldCupBet26 Monitor START ━━━
[2026-07-17T11:00:26.819Z] ✅ Site UP — https://www.worldcupbet26.com → 200
[2026-07-17T11:00:27.014Z] ✅ 1xBet link OK → 303
[2026-07-17T11:00:27.313Z] ✅ Betsson link OK → 301
[2026-07-17T11:00:27.315Z] ⚠️  1xPartners API key not set — skipping stats pull
[2026-07-17T11:00:27.315Z] ✅ All checks passed — no alerts
[2026-07-17T11:00:27.319Z] ━━━ SUMMARY ━━━
[2026-07-17T11:00:27.319Z] ✅ Site: UP (200)
[2026-07-17T11:00:27.320Z] ✅ 1xBet: redirect OK (303)
[2026-07-17T11:00:27.321Z] ✅ Betsson: redirect OK (301)
[2026-07-17T11:00:27.322Z] ━━━ Monitor END ━━━

━━━ [2026-07-17 13:00] Daily Run END ━━━
━━━ [2026-07-17 18:01] WorldCupBet26 Daily Run START ━━━
📅 Today's featured match: Mexico vs South Korea on 2026-06-18
✅ StickyOddsBar updated → 🇲🇽 Mexico vs South Korea 🇰🇷 (Jun 18)
[2026-07-17T16:01:53.036Z] ━━━ WorldCupBet26 Monitor START ━━━
[2026-07-17T16:01:55.301Z] ✅ Site UP — https://www.worldcupbet26.com → 200
[2026-07-17T16:01:55.422Z] ✅ 1xBet link OK → 303
[2026-07-17T16:01:55.663Z] ✅ Betsson link OK → 301
[2026-07-17T16:01:55.664Z] ⚠️  1xPartners API key not set — skipping stats pull
[2026-07-17T16:01:55.664Z] ✅ All checks passed — no alerts
[2026-07-17T16:01:55.664Z] ━━━ SUMMARY ━━━
[2026-07-17T16:01:55.665Z] ✅ Site: UP (200)
[2026-07-17T16:01:55.665Z] ✅ 1xBet: redirect OK (303)
[2026-07-17T16:01:55.665Z] ✅ Betsson: redirect OK (301)
[2026-07-17T16:01:55.665Z] ━━━ Monitor END ━━━

━━━ [2026-07-17 18:02] Daily Run END ━━━
━━━ [2026-07-18 13:03] WorldCupBet26 Daily Run START ━━━
📅 Today's featured match: Mexico vs South Korea on 2026-06-18
✅ StickyOddsBar updated → 🇲🇽 Mexico vs South Korea 🇰🇷 (Jun 18)
[2026-07-18T11:03:28.885Z] ━━━ WorldCupBet26 Monitor START ━━━
[2026-07-18T11:11:44.285Z] ❌ Site DOWN — https://www.worldcupbet26.com → timeout
[2026-07-18T11:11:45.733Z] ✅ 1xBet link OK → 303
[2026-07-18T11:11:45.970Z] ✅ Betsson link OK → 301
[2026-07-18T11:11:45.971Z] ⚠️  1xPartners API key not set — skipping stats pull
[2026-07-18T11:11:46.105Z] 🔔 Sending 1 alert(s) via Telegram
[2026-07-18T11:11:46.106Z] ⚠️  Telegram not configured — skipping alert
[2026-07-18T11:11:46.107Z] ━━━ SUMMARY ━━━
[2026-07-18T11:11:46.107Z] ❌ Site: DOWN
[2026-07-18T11:11:46.107Z] ✅ 1xBet: redirect OK (303)
[2026-07-18T11:11:46.107Z] ✅ Betsson: redirect OK (301)
[2026-07-18T11:11:46.107Z] ━━━ Monitor END ━━━

━━━ [2026-07-18 13:11] Daily Run END ━━━
━━━ [2026-07-18 21:01] WorldCupBet26 Daily Run START ━━━
📅 Today's featured match: Mexico vs South Korea on 2026-06-18
✅ StickyOddsBar updated → 🇲🇽 Mexico vs South Korea 🇰🇷 (Jun 18)
[2026-07-18T19:01:42.999Z] ━━━ WorldCupBet26 Monitor START ━━━
[2026-07-18T19:01:43.741Z] ✅ Site UP — https://www.worldcupbet26.com → 200
[2026-07-18T19:01:43.878Z] ✅ 1xBet link OK → 303
[2026-07-18T19:01:44.170Z] ✅ Betsson link OK → 301
[2026-07-18T19:01:44.171Z] ⚠️  1xPartners API key not set — skipping stats pull
[2026-07-18T19:01:44.172Z] ✅ All checks passed — no alerts
[2026-07-18T19:01:44.174Z] ━━━ SUMMARY ━━━
[2026-07-18T19:01:44.174Z] ✅ Site: UP (200)
[2026-07-18T19:01:44.175Z] ✅ 1xBet: redirect OK (303)
[2026-07-18T19:01:44.176Z] ✅ Betsson: redirect OK (301)
[2026-07-18T19:01:44.176Z] ━━━ Monitor END ━━━

━━━ [2026-07-18 21:01] Daily Run END ━━━
